Archive member included because of file (symbol)

c:/program files (x86)/atmel/atmel toolchain/avr8 gcc/native/3.4.1061/avr8-gnu-toolchain/bin/../lib/gcc/avr/4.8.1/../../../../avr/lib/avr51\libm.a(addsf3.o)
                              SourceFiles/ms5540b/ms5540b.o (__subsf3)
c:/program files (x86)/atmel/atmel toolchain/avr8 gcc/native/3.4.1061/avr8-gnu-toolchain/bin/../lib/gcc/avr/4.8.1/../../../../avr/lib/avr51\libm.a(addsf3x.o)
                              c:/program files (x86)/atmel/atmel toolchain/avr8 gcc/native/3.4.1061/avr8-gnu-toolchain/bin/../lib/gcc/avr/4.8.1/../../../../avr/lib/avr51\libm.a(addsf3.o) (__addsf3x)
c:/program files (x86)/atmel/atmel toolchain/avr8 gcc/native/3.4.1061/avr8-gnu-toolchain/bin/../lib/gcc/avr/4.8.1/../../../../avr/lib/avr51\libm.a(floatsisf.o)
                              SourceFiles/ms5540b/ms5540b.o (__floatunsisf)
c:/program files (x86)/atmel/atmel toolchain/avr8 gcc/native/3.4.1061/avr8-gnu-toolchain/bin/../lib/gcc/avr/4.8.1/../../../../avr/lib/avr51\libm.a(fp_inf.o)
                              c:/program files (x86)/atmel/atmel toolchain/avr8 gcc/native/3.4.1061/avr8-gnu-toolchain/bin/../lib/gcc/avr/4.8.1/../../../../avr/lib/avr51\libm.a(addsf3x.o) (__fp_inf)
c:/program files (x86)/atmel/atmel toolchain/avr8 gcc/native/3.4.1061/avr8-gnu-toolchain/bin/../lib/gcc/avr/4.8.1/../../../../avr/lib/avr51\libm.a(fp_nan.o)
                              c:/program files (x86)/atmel/atmel toolchain/avr8 gcc/native/3.4.1061/avr8-gnu-toolchain/bin/../lib/gcc/avr/4.8.1/../../../../avr/lib/avr51\libm.a(addsf3x.o) (__fp_nan)
c:/program files (x86)/atmel/atmel toolchain/avr8 gcc/native/3.4.1061/avr8-gnu-toolchain/bin/../lib/gcc/avr/4.8.1/../../../../avr/lib/avr51\libm.a(fp_pscA.o)
                              c:/program files (x86)/atmel/atmel toolchain/avr8 gcc/native/3.4.1061/avr8-gnu-toolchain/bin/../lib/gcc/avr/4.8.1/../../../../avr/lib/avr51\libm.a(addsf3x.o) (__fp_pscA)
c:/program files (x86)/atmel/atmel toolchain/avr8 gcc/native/3.4.1061/avr8-gnu-toolchain/bin/../lib/gcc/avr/4.8.1/../../../../avr/lib/avr51\libm.a(fp_pscB.o)
                              c:/program files (x86)/atmel/atmel toolchain/avr8 gcc/native/3.4.1061/avr8-gnu-toolchain/bin/../lib/gcc/avr/4.8.1/../../../../avr/lib/avr51\libm.a(addsf3x.o) (__fp_pscB)
c:/program files (x86)/atmel/atmel toolchain/avr8 gcc/native/3.4.1061/avr8-gnu-toolchain/bin/../lib/gcc/avr/4.8.1/../../../../avr/lib/avr51\libm.a(fp_round.o)
                              c:/program files (x86)/atmel/atmel toolchain/avr8 gcc/native/3.4.1061/avr8-gnu-toolchain/bin/../lib/gcc/avr/4.8.1/../../../../avr/lib/avr51\libm.a(addsf3.o) (__fp_round)
c:/program files (x86)/atmel/atmel toolchain/avr8 gcc/native/3.4.1061/avr8-gnu-toolchain/bin/../lib/gcc/avr/4.8.1/../../../../avr/lib/avr51\libm.a(fp_split3.o)
                              c:/program files (x86)/atmel/atmel toolchain/avr8 gcc/native/3.4.1061/avr8-gnu-toolchain/bin/../lib/gcc/avr/4.8.1/../../../../avr/lib/avr51\libm.a(addsf3x.o) (__fp_split3)
c:/program files (x86)/atmel/atmel toolchain/avr8 gcc/native/3.4.1061/avr8-gnu-toolchain/bin/../lib/gcc/avr/4.8.1/../../../../avr/lib/avr51\libm.a(fp_zero.o)
                              c:/program files (x86)/atmel/atmel toolchain/avr8 gcc/native/3.4.1061/avr8-gnu-toolchain/bin/../lib/gcc/avr/4.8.1/../../../../avr/lib/avr51\libm.a(addsf3x.o) (__fp_zero)
c:/program files (x86)/atmel/atmel toolchain/avr8 gcc/native/3.4.1061/avr8-gnu-toolchain/bin/../lib/gcc/avr/4.8.1/../../../../avr/lib/avr51\libm.a(gesf2.o)
                              SourceFiles/ms5540b/ms5540b.o (__gtsf2)
c:/program files (x86)/atmel/atmel toolchain/avr8 gcc/native/3.4.1061/avr8-gnu-toolchain/bin/../lib/gcc/avr/4.8.1/../../../../avr/lib/avr51\libm.a(mulsf3.o)
                              SourceFiles/ms5540b/ms5540b.o (__mulsf3)
c:/program files (x86)/atmel/atmel toolchain/avr8 gcc/native/3.4.1061/avr8-gnu-toolchain/bin/../lib/gcc/avr/4.8.1/../../../../avr/lib/avr51\libm.a(mulsf3x.o)
                              c:/program files (x86)/atmel/atmel toolchain/avr8 gcc/native/3.4.1061/avr8-gnu-toolchain/bin/../lib/gcc/avr/4.8.1/../../../../avr/lib/avr51\libm.a(mulsf3.o) (__mulsf3x)
c:/program files (x86)/atmel/atmel toolchain/avr8 gcc/native/3.4.1061/avr8-gnu-toolchain/bin/../lib/gcc/avr/4.8.1/../../../../avr/lib/avr51\libm.a(fp_cmp.o)
                              c:/program files (x86)/atmel/atmel toolchain/avr8 gcc/native/3.4.1061/avr8-gnu-toolchain/bin/../lib/gcc/avr/4.8.1/../../../../avr/lib/avr51\libm.a(gesf2.o) (__fp_cmp)
c:/program files (x86)/atmel/atmel toolchain/avr8 gcc/native/3.4.1061/avr8-gnu-toolchain/bin/../lib/gcc/avr/4.8.1/avr51\libgcc.a(_exit.o)
                              c:/program files (x86)/atmel/atmel toolchain/avr8 gcc/native/3.4.1061/avr8-gnu-toolchain/bin/../lib/gcc/avr/4.8.1/../../../../avr/lib/avr51/crtm1281.o (exit)
c:/program files (x86)/atmel/atmel toolchain/avr8 gcc/native/3.4.1061/avr8-gnu-toolchain/bin/../lib/gcc/avr/4.8.1/avr51\libgcc.a(_copy_data.o)
                              SourceFiles/network_proxy.o (__do_copy_data)
c:/program files (x86)/atmel/atmel toolchain/avr8 gcc/native/3.4.1061/avr8-gnu-toolchain/bin/../lib/gcc/avr/4.8.1/avr51\libgcc.a(_clear_bss.o)
                              SourceFiles/bmp085/bmp085.o (__do_clear_bss)
c:/program files (x86)/atmel/atmel toolchain/avr8 gcc/native/3.4.1061/avr8-gnu-toolchain/bin/../lib/gcc/avr/4.8.1/../../../../avr/lib/avr51\libc.a(strcpy.o)
                              SourceFiles/XBee/payload.o (strcpy)
c:/program files (x86)/atmel/atmel toolchain/avr8 gcc/native/3.4.1061/avr8-gnu-toolchain/bin/../lib/gcc/avr/4.8.1/../../../../avr/lib/avr51\libc.a(sprintf.o)
                              SourceFiles/XBee/payload.o (sprintf)
c:/program files (x86)/atmel/atmel toolchain/avr8 gcc/native/3.4.1061/avr8-gnu-toolchain/bin/../lib/gcc/avr/4.8.1/../../../../avr/lib/avr51\libc.a(vfprintf_std.o)
                              c:/program files (x86)/atmel/atmel toolchain/avr8 gcc/native/3.4.1061/avr8-gnu-toolchain/bin/../lib/gcc/avr/4.8.1/../../../../avr/lib/avr51\libc.a(sprintf.o) (vfprintf)
c:/program files (x86)/atmel/atmel toolchain/avr8 gcc/native/3.4.1061/avr8-gnu-toolchain/bin/../lib/gcc/avr/4.8.1/../../../../avr/lib/avr51\libc.a(strnlen_P.o)
                              c:/program files (x86)/atmel/atmel toolchain/avr8 gcc/native/3.4.1061/avr8-gnu-toolchain/bin/../lib/gcc/avr/4.8.1/../../../../avr/lib/avr51\libc.a(vfprintf_std.o) (strnlen_P)
c:/program files (x86)/atmel/atmel toolchain/avr8 gcc/native/3.4.1061/avr8-gnu-toolchain/bin/../lib/gcc/avr/4.8.1/../../../../avr/lib/avr51\libc.a(strnlen.o)
                              c:/program files (x86)/atmel/atmel toolchain/avr8 gcc/native/3.4.1061/avr8-gnu-toolchain/bin/../lib/gcc/avr/4.8.1/../../../../avr/lib/avr51\libc.a(vfprintf_std.o) (strnlen)
c:/program files (x86)/atmel/atmel toolchain/avr8 gcc/native/3.4.1061/avr8-gnu-toolchain/bin/../lib/gcc/avr/4.8.1/../../../../avr/lib/avr51\libc.a(fputc.o)
                              c:/program files (x86)/atmel/atmel toolchain/avr8 gcc/native/3.4.1061/avr8-gnu-toolchain/bin/../lib/gcc/avr/4.8.1/../../../../avr/lib/avr51\libc.a(vfprintf_std.o) (fputc)
c:/program files (x86)/atmel/atmel toolchain/avr8 gcc/native/3.4.1061/avr8-gnu-toolchain/bin/../lib/gcc/avr/4.8.1/../../../../avr/lib/avr51\libc.a(ultoa_invert.o)
                              c:/program files (x86)/atmel/atmel toolchain/avr8 gcc/native/3.4.1061/avr8-gnu-toolchain/bin/../lib/gcc/avr/4.8.1/../../../../avr/lib/avr51\libc.a(vfprintf_std.o) (__ultoa_invert)

Allocating common symbols
Common symbol       size              file

bmpCoef             0xb               SourceFiles/bmp085/bmp085.o
w                   0x8               SourceFiles/ms5540b/ms5540b.o
msData              0x4               SourceFiles/ms5540b/ms5540b.o
shtData             0x6               SourceFiles/sensor_proxy.o
ntcData             0x2               SourceFiles/sensor_proxy.o
h25k5aData          0x2               SourceFiles/sensor_proxy.o
bmpData             0x3               SourceFiles/sensor_proxy.o
msCoef              0xc               SourceFiles/ms5540b/ms5540b.o

Discarded input sections

 .data          0x00000000        0x0 c:/program files (x86)/atmel/atmel toolchain/avr8 gcc/native/3.4.1061/avr8-gnu-toolchain/bin/../lib/gcc/avr/4.8.1/../../../../avr/lib/avr51/crtm1281.o
 .bss           0x00000000        0x0 c:/program files (x86)/atmel/atmel toolchain/avr8 gcc/native/3.4.1061/avr8-gnu-toolchain/bin/../lib/gcc/avr/4.8.1/../../../../avr/lib/avr51/crtm1281.o
 .text          0x00000000        0x0 SourceFiles/adc/averaged_adc.o
 .data          0x00000000        0x0 SourceFiles/adc/averaged_adc.o
 .bss           0x00000000        0x0 SourceFiles/adc/averaged_adc.o
 .text.AdcReInit
                0x00000000       0x5e SourceFiles/adc/averaged_adc.o
 .text.EnableAllAnalogInputBuffer
                0x00000000        0xe SourceFiles/adc/averaged_adc.o
 .text.EnableUsedAnalogInputBuffer
                0x00000000        0x8 SourceFiles/adc/averaged_adc.o
 .text.DisableUsedAnalogInputBuffer
                0x00000000        0x6 SourceFiles/adc/averaged_adc.o
 .text          0x00000000        0x0 SourceFiles/bmp085/bmp085.o
 .data          0x00000000        0x0 SourceFiles/bmp085/bmp085.o
 .bss           0x00000000        0x0 SourceFiles/bmp085/bmp085.o
 .text.Bmp085SendBit
                0x00000000        0xc SourceFiles/bmp085/bmp085.o
 .text.waitWhilePG5isLow
                0x00000000       0x12 SourceFiles/bmp085/bmp085.o
 .text.waitWhilePG5isHigh
                0x00000000       0x12 SourceFiles/bmp085/bmp085.o
 .text.Bmp085SendByte
                0x00000000       0x40 SourceFiles/bmp085/bmp085.o
 .text.Bmp085RecieveAck
                0x00000000       0x1e SourceFiles/bmp085/bmp085.o
 .text.Bmp085Restart
                0x00000000       0x18 SourceFiles/bmp085/bmp085.o
 .text.Bmp085SendAck
                0x00000000       0x10 SourceFiles/bmp085/bmp085.o
 .text.Bmp085StartCondition
                0x00000000       0x1e SourceFiles/bmp085/bmp085.o
 .text.Bmp085StopCondition
                0x00000000       0x1e SourceFiles/bmp085/bmp085.o
 .text.Bmp085ReceiveByte
                0x00000000       0x38 SourceFiles/bmp085/bmp085.o
 .text.Bmp085Init
                0x00000000        0xc SourceFiles/bmp085/bmp085.o
 .text.Bmp085StartMeasure
                0x00000000       0x64 SourceFiles/bmp085/bmp085.o
 .text.Bmp085ReadMeasure
                0x00000000       0x68 SourceFiles/bmp085/bmp085.o
 .text.Bmp085ReadMeasureXLSB
                0x00000000       0xc6 SourceFiles/bmp085/bmp085.o
 .text.Bmp085Measure
                0x00000000       0xa4 SourceFiles/bmp085/bmp085.o
 .text.Bmp085Calculate
                0x00000000        0x2 SourceFiles/bmp085/bmp085.o
 .bss.BMP085Error
                0x00000000        0x1 SourceFiles/bmp085/bmp085.o
 .debug_info    0x00000000     0x1818 SourceFiles/bmp085/bmp085.o
 .debug_abbrev  0x00000000      0x3e0 SourceFiles/bmp085/bmp085.o
 .debug_loc     0x00000000      0x64b SourceFiles/bmp085/bmp085.o
 .debug_aranges
                0x00000000       0x98 SourceFiles/bmp085/bmp085.o
 .debug_ranges  0x00000000       0x88 SourceFiles/bmp085/bmp085.o
 .debug_line    0x00000000      0x5d2 SourceFiles/bmp085/bmp085.o
 .debug_str     0x00000000      0x582 SourceFiles/bmp085/bmp085.o
 .comment       0x00000000       0x31 SourceFiles/bmp085/bmp085.o
 .debug_frame   0x00000000      0x190 SourceFiles/bmp085/bmp085.o
 COMMON         0x00000000        0xb SourceFiles/bmp085/bmp085.o
 .text          0x00000000        0x0 SourceFiles/bsp.o
 .data          0x00000000        0x0 SourceFiles/bsp.o
 .bss           0x00000000        0x0 SourceFiles/bsp.o
 .text          0x00000000        0x0 SourceFiles/h25k5a/h25k5a.o
 .data          0x00000000        0x0 SourceFiles/h25k5a/h25k5a.o
 .bss           0x00000000        0x0 SourceFiles/h25k5a/h25k5a.o
 .text.H25k5aInit
                0x00000000        0x6 SourceFiles/h25k5a/h25k5a.o
 .text          0x00000000        0x0 SourceFiles/Interrupts.o
 .data          0x00000000        0x0 SourceFiles/Interrupts.o
 .bss           0x00000000        0x0 SourceFiles/Interrupts.o
 .text.DisableExternalInterruptPCINT0
                0x00000000       0x16 SourceFiles/Interrupts.o
 .text          0x00000000        0x0 SourceFiles/main.o
 .data          0x00000000        0x0 SourceFiles/main.o
 .bss           0x00000000        0x0 SourceFiles/main.o
 .text          0x00000000        0x0 SourceFiles/ms5540b/ms5540b.o
 .data          0x00000000        0x0 SourceFiles/ms5540b/ms5540b.o
 .bss           0x00000000        0x0 SourceFiles/ms5540b/ms5540b.o
 .text.Ms5540SetSCLK
                0x00000000       0x10 SourceFiles/ms5540b/ms5540b.o
 .text.Ms5540GetDOUT
                0x00000000       0x12 SourceFiles/ms5540b/ms5540b.o
 .text.Ms5540Get16
                0x00000000       0x38 SourceFiles/ms5540b/ms5540b.o
 .text.Ms5540WaitOnDoutFall
                0x00000000       0x44 SourceFiles/ms5540b/ms5540b.o
 .text.Ms5540SendLsbFirst
                0x00000000       0x44 SourceFiles/ms5540b/ms5540b.o
 .text.Ms5540Calculate
                0x00000000      0x226 SourceFiles/ms5540b/ms5540b.o
 .text.Ms5540ConvertWordsToCoefficients
                0x00000000       0xb0 SourceFiles/ms5540b/ms5540b.o
 .text.Ms5540Init
                0x00000000      0x15c SourceFiles/ms5540b/ms5540b.o
 .text.Ms5540Measure
                0x00000000       0xb0 SourceFiles/ms5540b/ms5540b.o
 .bss.msbError  0x00000000        0x1 SourceFiles/ms5540b/ms5540b.o
 .debug_info    0x00000000      0xc79 SourceFiles/ms5540b/ms5540b.o
 .debug_abbrev  0x00000000      0x377 SourceFiles/ms5540b/ms5540b.o
 .debug_loc     0x00000000      0xc72 SourceFiles/ms5540b/ms5540b.o
 .debug_aranges
                0x00000000       0x60 SourceFiles/ms5540b/ms5540b.o
 .debug_ranges  0x00000000       0x70 SourceFiles/ms5540b/ms5540b.o
 .debug_line    0x00000000      0x53d SourceFiles/ms5540b/ms5540b.o
 .debug_str     0x00000000      0x4e3 SourceFiles/ms5540b/ms5540b.o
 .comment       0x00000000       0x31 SourceFiles/ms5540b/ms5540b.o
 .debug_frame   0x00000000      0x17c SourceFiles/ms5540b/ms5540b.o
 COMMON         0x00000000       0x18 SourceFiles/ms5540b/ms5540b.o
 .text          0x00000000        0x0 SourceFiles/network_proxy.o
 .data          0x00000000        0x0 SourceFiles/network_proxy.o
 .bss           0x00000000        0x0 SourceFiles/network_proxy.o
 .rodata.TRANSMIT_OPTIONS
                0x00000000        0x1 SourceFiles/network_proxy.o
 .rodata.BROADCAST_RADIUS
                0x00000000        0x1 SourceFiles/network_proxy.o
 .text          0x00000000        0x0 SourceFiles/ntc/ntc.o
 .data          0x00000000        0x0 SourceFiles/ntc/ntc.o
 .bss           0x00000000        0x0 SourceFiles/ntc/ntc.o
 .text.NtcInit  0x00000000        0x6 SourceFiles/ntc/ntc.o
 .text          0x00000000        0x0 SourceFiles/sensor_proxy.o
 .data          0x00000000        0x0 SourceFiles/sensor_proxy.o
 .bss           0x00000000        0x0 SourceFiles/sensor_proxy.o
 .text          0x00000000        0x0 SourceFiles/sht11/sht11.o
 .data          0x00000000        0x0 SourceFiles/sht11/sht11.o
 .bss           0x00000000        0x0 SourceFiles/sht11/sht11.o
 .text.Sht11Write
                0x00000000       0x5c SourceFiles/sht11/sht11.o
 .text.Sht11Read
                0x00000000       0x58 SourceFiles/sht11/sht11.o
 .text.Sht11MeasureParam
                0x00000000       0xc4 SourceFiles/sht11/sht11.o
 .text.Sht11Init
                0x00000000        0xa SourceFiles/sht11/sht11.o
 .text.Sht11Measure
                0x00000000       0x30 SourceFiles/sht11/sht11.o
 .debug_info    0x00000000     0x12d2 SourceFiles/sht11/sht11.o
 .debug_abbrev  0x00000000      0x2aa SourceFiles/sht11/sht11.o
 .debug_loc     0x00000000      0x39a SourceFiles/sht11/sht11.o
 .debug_aranges
                0x00000000       0x40 SourceFiles/sht11/sht11.o
 .debug_ranges  0x00000000       0x30 SourceFiles/sht11/sht11.o
 .debug_line    0x00000000      0x427 SourceFiles/sht11/sht11.o
 .debug_str     0x00000000      0x425 SourceFiles/sht11/sht11.o
 .comment       0x00000000       0x31 SourceFiles/sht11/sht11.o
 .debug_frame   0x00000000       0x98 SourceFiles/sht11/sht11.o
 .text          0x00000000        0x0 SourceFiles/timers/timer0.o
 .data          0x00000000        0x0 SourceFiles/timers/timer0.o
 .bss           0x00000000        0x0 SourceFiles/timers/timer0.o
 .text.Timer0_50KHzInit
                0x00000000       0x16 SourceFiles/timers/timer0.o
 .text.Timer0_32768HzInit
                0x00000000       0x20 SourceFiles/timers/timer0.o
 .text.Timer0_32768HzStop
                0x00000000       0x18 SourceFiles/timers/timer0.o
 .text.Timer0ClockInit
                0x00000000       0x18 SourceFiles/timers/timer0.o
 .text.Timer0Stop
                0x00000000        0xe SourceFiles/timers/timer0.o
 .debug_info    0x00000000       0xdb SourceFiles/timers/timer0.o
 .debug_abbrev  0x00000000       0x51 SourceFiles/timers/timer0.o
 .debug_aranges
                0x00000000       0x40 SourceFiles/timers/timer0.o
 .debug_ranges  0x00000000       0x30 SourceFiles/timers/timer0.o
 .debug_line    0x00000000      0x182 SourceFiles/timers/timer0.o
 .debug_str     0x00000000      0x1cd SourceFiles/timers/timer0.o
 .comment       0x00000000       0x31 SourceFiles/timers/timer0.o
 .debug_frame   0x00000000       0x64 SourceFiles/timers/timer0.o
 .text          0x00000000        0x0 SourceFiles/XBee/digi_api.o
 .data          0x00000000        0x0 SourceFiles/XBee/digi_api.o
 .bss           0x00000000        0x0 SourceFiles/XBee/digi_api.o
 .text.XBeeEscape
                0x00000000       0x16 SourceFiles/XBee/digi_api.o
 .text          0x00000000        0x0 SourceFiles/XBee/digi_at_request.o
 .data          0x00000000        0x0 SourceFiles/XBee/digi_at_request.o
 .bss           0x00000000        0x0 SourceFiles/XBee/digi_at_request.o
 .text.XBeeCreateRemoteAtCommandPacket
                0x00000000       0x54 SourceFiles/XBee/digi_at_request.o
 .text          0x00000000        0x0 SourceFiles/XBee/digi_hw.o
 .data          0x00000000        0x0 SourceFiles/XBee/digi_hw.o
 .bss           0x00000000        0x0 SourceFiles/XBee/digi_hw.o
 .text          0x00000000        0x0 SourceFiles/XBee/digi_join.o
 .data          0x00000000        0x0 SourceFiles/XBee/digi_join.o
 .bss           0x00000000        0x0 SourceFiles/XBee/digi_join.o
 .text          0x00000000        0x0 SourceFiles/XBee/digi_send.o
 .data          0x00000000        0x0 SourceFiles/XBee/digi_send.o
 .bss           0x00000000        0x0 SourceFiles/XBee/digi_send.o
 .text          0x00000000        0x0 SourceFiles/XBee/digi_serial.o
 .data          0x00000000        0x0 SourceFiles/XBee/digi_serial.o
 .bss           0x00000000        0x0 SourceFiles/XBee/digi_serial.o
 .text.XBeeSerialSendArray
                0x00000000       0x30 SourceFiles/XBee/digi_serial.o
 .text.XBeeSerialRead
                0x00000000        0x6 SourceFiles/XBee/digi_serial.o
 .text.XBeeSerialAvailable
                0x00000000        0xc SourceFiles/XBee/digi_serial.o
 .text.XBeeSerialClose
                0x00000000       0x1e SourceFiles/XBee/digi_serial.o
 .text.XBeeSerialCheckInterrupt
                0x00000000        0x6 SourceFiles/XBee/digi_serial.o
 .text.XBeeSerialAckInterrupt
                0x00000000        0xe SourceFiles/XBee/digi_serial.o
 .text          0x00000000        0x0 SourceFiles/XBee/digi_transmit_request.o
 .data          0x00000000        0x0 SourceFiles/XBee/digi_transmit_request.o
 .bss           0x00000000        0x0 SourceFiles/XBee/digi_transmit_request.o
 .text          0x00000000        0x0 SourceFiles/XBee/payload.o
 .data          0x00000000        0x0 SourceFiles/XBee/payload.o
 .bss           0x00000000        0x0 SourceFiles/XBee/payload.o
 .text.PayloadAppend
                0x00000000       0x52 SourceFiles/XBee/payload.o
 .text.PayloadPutRAMString
                0x00000000       0x38 SourceFiles/XBee/payload.o
 .text          0x00000000        0x0 c:/program files (x86)/atmel/atmel toolchain/avr8 gcc/native/3.4.1061/avr8-gnu-toolchain/bin/../lib/gcc/avr/4.8.1/../../../../avr/lib/avr51\libm.a(addsf3.o)
 .data          0x00000000        0x0 c:/program files (x86)/atmel/atmel toolchain/avr8 gcc/native/3.4.1061/avr8-gnu-toolchain/bin/../lib/gcc/avr/4.8.1/../../../../avr/lib/avr51\libm.a(addsf3.o)
 .bss           0x00000000        0x0 c:/program files (x86)/atmel/atmel toolchain/avr8 gcc/native/3.4.1061/avr8-gnu-toolchain/bin/../lib/gcc/avr/4.8.1/../../../../avr/lib/avr51\libm.a(addsf3.o)
 .text.avr-libc.fplib
                0x00000000        0xa c:/program files (x86)/atmel/atmel toolchain/avr8 gcc/native/3.4.1061/avr8-gnu-toolchain/bin/../lib/gcc/avr/4.8.1/../../../../avr/lib/avr51\libm.a(addsf3.o)
 .text          0x00000000        0x0 c:/program files (x86)/atmel/atmel toolchain/avr8 gcc/native/3.4.1061/avr8-gnu-toolchain/bin/../lib/gcc/avr/4.8.1/../../../../avr/lib/avr51\libm.a(addsf3x.o)
 .data          0x00000000        0x0 c:/program files (x86)/atmel/atmel toolchain/avr8 gcc/native/3.4.1061/avr8-gnu-toolchain/bin/../lib/gcc/avr/4.8.1/../../../../avr/lib/avr51\libm.a(addsf3x.o)
 .bss           0x00000000        0x0 c:/program files (x86)/atmel/atmel toolchain/avr8 gcc/native/3.4.1061/avr8-gnu-toolchain/bin/../lib/gcc/avr/4.8.1/../../../../avr/lib/avr51\libm.a(addsf3x.o)
 .text.avr-libc.fplib
                0x00000000       0xc0 c:/program files (x86)/atmel/atmel toolchain/avr8 gcc/native/3.4.1061/avr8-gnu-toolchain/bin/../lib/gcc/avr/4.8.1/../../../../avr/lib/avr51\libm.a(addsf3x.o)
 .text          0x00000000        0x0 c:/program files (x86)/atmel/atmel toolchain/avr8 gcc/native/3.4.1061/avr8-gnu-toolchain/bin/../lib/gcc/avr/4.8.1/../../../../avr/lib/avr51\libm.a(floatsisf.o)
 .data          0x00000000        0x0 c:/program files (x86)/atmel/atmel toolchain/avr8 gcc/native/3.4.1061/avr8-gnu-toolchain/bin/../lib/gcc/avr/4.8.1/../../../../avr/lib/avr51\libm.a(floatsisf.o)
 .bss           0x00000000        0x0 c:/program files (x86)/atmel/atmel toolchain/avr8 gcc/native/3.4.1061/avr8-gnu-toolchain/bin/../lib/gcc/avr/4.8.1/../../../../avr/lib/avr51\libm.a(floatsisf.o)
 .text.avr-libc.fplib
                0x00000000       0x7a c:/program files (x86)/atmel/atmel toolchain/avr8 gcc/native/3.4.1061/avr8-gnu-toolchain/bin/../lib/gcc/avr/4.8.1/../../../../avr/lib/avr51\libm.a(floatsisf.o)
 .text          0x00000000        0x0 c:/program files (x86)/atmel/atmel toolchain/avr8 gcc/native/3.4.1061/avr8-gnu-toolchain/bin/../lib/gcc/avr/4.8.1/../../../../avr/lib/avr51\libm.a(fp_inf.o)
 .data          0x00000000        0x0 c:/program files (x86)/atmel/atmel toolchain/avr8 gcc/native/3.4.1061/avr8-gnu-toolchain/bin/../lib/gcc/avr/4.8.1/../../../../avr/lib/avr51\libm.a(fp_inf.o)
 .bss           0x00000000        0x0 c:/program files (x86)/atmel/atmel toolchain/avr8 gcc/native/3.4.1061/avr8-gnu-toolchain/bin/../lib/gcc/avr/4.8.1/../../../../avr/lib/avr51\libm.a(fp_inf.o)
 .text.avr-libc.fplib
                0x00000000        0xc c:/program files (x86)/atmel/atmel toolchain/avr8 gcc/native/3.4.1061/avr8-gnu-toolchain/bin/../lib/gcc/avr/4.8.1/../../../../avr/lib/avr51\libm.a(fp_inf.o)
 .text          0x00000000        0x0 c:/program files (x86)/atmel/atmel toolchain/avr8 gcc/native/3.4.1061/avr8-gnu-toolchain/bin/../lib/gcc/avr/4.8.1/../../../../avr/lib/avr51\libm.a(fp_nan.o)
 .data          0x00000000        0x0 c:/program files (x86)/atmel/atmel toolchain/avr8 gcc/native/3.4.1061/avr8-gnu-toolchain/bin/../lib/gcc/avr/4.8.1/../../../../avr/lib/avr51\libm.a(fp_nan.o)
 .bss           0x00000000        0x0 c:/program files (x86)/atmel/atmel toolchain/avr8 gcc/native/3.4.1061/avr8-gnu-toolchain/bin/../lib/gcc/avr/4.8.1/../../../../avr/lib/avr51\libm.a(fp_nan.o)
 .text.avr-libc.fplib
                0x00000000        0x6 c:/program files (x86)/atmel/atmel toolchain/avr8 gcc/native/3.4.1061/avr8-gnu-toolchain/bin/../lib/gcc/avr/4.8.1/../../../../avr/lib/avr51\libm.a(fp_nan.o)
 .text          0x00000000        0x0 c:/program files (x86)/atmel/atmel toolchain/avr8 gcc/native/3.4.1061/avr8-gnu-toolchain/bin/../lib/gcc/avr/4.8.1/../../../../avr/lib/avr51\libm.a(fp_pscA.o)
 .data          0x00000000        0x0 c:/program files (x86)/atmel/atmel toolchain/avr8 gcc/native/3.4.1061/avr8-gnu-toolchain/bin/../lib/gcc/avr/4.8.1/../../../../avr/lib/avr51\libm.a(fp_pscA.o)
 .bss           0x00000000        0x0 c:/program files (x86)/atmel/atmel toolchain/avr8 gcc/native/3.4.1061/avr8-gnu-toolchain/bin/../lib/gcc/avr/4.8.1/../../../../avr/lib/avr51\libm.a(fp_pscA.o)
 .text.avr-libc.fplib
                0x00000000        0xe c:/program files (x86)/atmel/atmel toolchain/avr8 gcc/native/3.4.1061/avr8-gnu-toolchain/bin/../lib/gcc/avr/4.8.1/../../../../avr/lib/avr51\libm.a(fp_pscA.o)
 .text          0x00000000        0x0 c:/program files (x86)/atmel/atmel toolchain/avr8 gcc/native/3.4.1061/avr8-gnu-toolchain/bin/../lib/gcc/avr/4.8.1/../../../../avr/lib/avr51\libm.a(fp_pscB.o)
 .data          0x00000000        0x0 c:/program files (x86)/atmel/atmel toolchain/avr8 gcc/native/3.4.1061/avr8-gnu-toolchain/bin/../lib/gcc/avr/4.8.1/../../../../avr/lib/avr51\libm.a(fp_pscB.o)
 .bss           0x00000000        0x0 c:/program files (x86)/atmel/atmel toolchain/avr8 gcc/native/3.4.1061/avr8-gnu-toolchain/bin/../lib/gcc/avr/4.8.1/../../../../avr/lib/avr51\libm.a(fp_pscB.o)
 .text.avr-libc.fplib
                0x00000000        0xe c:/program files (x86)/atmel/atmel toolchain/avr8 gcc/native/3.4.1061/avr8-gnu-toolchain/bin/../lib/gcc/avr/4.8.1/../../../../avr/lib/avr51\libm.a(fp_pscB.o)
 .text          0x00000000        0x0 c:/program files (x86)/atmel/atmel toolchain/avr8 gcc/native/3.4.1061/avr8-gnu-toolchain/bin/../lib/gcc/avr/4.8.1/../../../../avr/lib/avr51\libm.a(fp_round.o)
 .data          0x00000000        0x0 c:/program files (x86)/atmel/atmel toolchain/avr8 gcc/native/3.4.1061/avr8-gnu-toolchain/bin/../lib/gcc/avr/4.8.1/../../../../avr/lib/avr51\libm.a(fp_round.o)
 .bss           0x00000000        0x0 c:/program files (x86)/atmel/atmel toolchain/avr8 gcc/native/3.4.1061/avr8-gnu-toolchain/bin/../lib/gcc/avr/4.8.1/../../../../avr/lib/avr51\libm.a(fp_round.o)
 .text.avr-libc.fplib
                0x00000000       0x22 c:/program files (x86)/atmel/atmel toolchain/avr8 gcc/native/3.4.1061/avr8-gnu-toolchain/bin/../lib/gcc/avr/4.8.1/../../../../avr/lib/avr51\libm.a(fp_round.o)
 .text          0x00000000        0x0 c:/program files (x86)/atmel/atmel toolchain/avr8 gcc/native/3.4.1061/avr8-gnu-toolchain/bin/../lib/gcc/avr/4.8.1/../../../../avr/lib/avr51\libm.a(fp_split3.o)
 .data          0x00000000        0x0 c:/program files (x86)/atmel/atmel toolchain/avr8 gcc/native/3.4.1061/avr8-gnu-toolchain/bin/../lib/gcc/avr/4.8.1/../../../../avr/lib/avr51\libm.a(fp_split3.o)
 .bss           0x00000000        0x0 c:/program files (x86)/atmel/atmel toolchain/avr8 gcc/native/3.4.1061/avr8-gnu-toolchain/bin/../lib/gcc/avr/4.8.1/../../../../avr/lib/avr51\libm.a(fp_split3.o)
 .text.avr-libc.fplib
                0x00000000       0x44 c:/program files (x86)/atmel/atmel toolchain/avr8 gcc/native/3.4.1061/avr8-gnu-toolchain/bin/../lib/gcc/avr/4.8.1/../../../../avr/lib/avr51\libm.a(fp_split3.o)
 .text          0x00000000        0x0 c:/program files (x86)/atmel/atmel toolchain/avr8 gcc/native/3.4.1061/avr8-gnu-toolchain/bin/../lib/gcc/avr/4.8.1/../../../../avr/lib/avr51\libm.a(fp_zero.o)
 .data          0x00000000        0x0 c:/program files (x86)/atmel/atmel toolchain/avr8 gcc/native/3.4.1061/avr8-gnu-toolchain/bin/../lib/gcc/avr/4.8.1/../../../../avr/lib/avr51\libm.a(fp_zero.o)
 .bss           0x00000000        0x0 c:/program files (x86)/atmel/atmel toolchain/avr8 gcc/native/3.4.1061/avr8-gnu-toolchain/bin/../lib/gcc/avr/4.8.1/../../../../avr/lib/avr51\libm.a(fp_zero.o)
 .text.avr-libc.fplib
                0x00000000        0xe c:/program files (x86)/atmel/atmel toolchain/avr8 gcc/native/3.4.1061/avr8-gnu-toolchain/bin/../lib/gcc/avr/4.8.1/../../../../avr/lib/avr51\libm.a(fp_zero.o)
 .text          0x00000000        0x0 c:/program files (x86)/atmel/atmel toolchain/avr8 gcc/native/3.4.1061/avr8-gnu-toolchain/bin/../lib/gcc/avr/4.8.1/../../../../avr/lib/avr51\libm.a(gesf2.o)
 .data          0x00000000        0x0 c:/program files (x86)/atmel/atmel toolchain/avr8 gcc/native/3.4.1061/avr8-gnu-toolchain/bin/../lib/gcc/avr/4.8.1/../../../../avr/lib/avr51\libm.a(gesf2.o)
 .bss           0x00000000        0x0 c:/program files (x86)/atmel/atmel toolchain/avr8 gcc/native/3.4.1061/avr8-gnu-toolchain/bin/../lib/gcc/avr/4.8.1/../../../../avr/lib/avr51\libm.a(gesf2.o)
 .text.avr-libc.fplib
                0x00000000        0x8 c:/program files (x86)/atmel/atmel toolchain/avr8 gcc/native/3.4.1061/avr8-gnu-toolchain/bin/../lib/gcc/avr/4.8.1/../../../../avr/lib/avr51\libm.a(gesf2.o)
 .text          0x00000000        0x0 c:/program files (x86)/atmel/atmel toolchain/avr8 gcc/native/3.4.1061/avr8-gnu-toolchain/bin/../lib/gcc/avr/4.8.1/../../../../avr/lib/avr51\libm.a(mulsf3.o)
 .data          0x00000000        0x0 c:/program files (x86)/atmel/atmel toolchain/avr8 gcc/native/3.4.1061/avr8-gnu-toolchain/bin/../lib/gcc/avr/4.8.1/../../../../avr/lib/avr51\libm.a(mulsf3.o)
 .bss           0x00000000        0x0 c:/program files (x86)/atmel/atmel toolchain/avr8 gcc/native/3.4.1061/avr8-gnu-toolchain/bin/../lib/gcc/avr/4.8.1/../../../../avr/lib/avr51\libm.a(mulsf3.o)
 .text.avr-libc.fplib
                0x00000000        0x4 c:/program files (x86)/atmel/atmel toolchain/avr8 gcc/native/3.4.1061/avr8-gnu-toolchain/bin/../lib/gcc/avr/4.8.1/../../../../avr/lib/avr51\libm.a(mulsf3.o)
 .text          0x00000000        0x0 c:/program files (x86)/atmel/atmel toolchain/avr8 gcc/native/3.4.1061/avr8-gnu-toolchain/bin/../lib/gcc/avr/4.8.1/../../../../avr/lib/avr51\libm.a(mulsf3x.o)
 .data          0x00000000        0x0 c:/program files (x86)/atmel/atmel toolchain/avr8 gcc/native/3.4.1061/avr8-gnu-toolchain/bin/../lib/gcc/avr/4.8.1/../../../../avr/lib/avr51\libm.a(mulsf3x.o)
 .bss           0x00000000        0x0 c:/program files (x86)/atmel/atmel toolchain/avr8 gcc/native/3.4.1061/avr8-gnu-toolchain/bin/../lib/gcc/avr/4.8.1/../../../../avr/lib/avr51\libm.a(mulsf3x.o)
 .text.avr-libc.fplib
                0x00000000       0xc2 c:/program files (x86)/atmel/atmel toolchain/avr8 gcc/native/3.4.1061/avr8-gnu-toolchain/bin/../lib/gcc/avr/4.8.1/../../../../avr/lib/avr51\libm.a(mulsf3x.o)
 .text          0x00000000        0x0 c:/program files (x86)/atmel/atmel toolchain/avr8 gcc/native/3.4.1061/avr8-gnu-toolchain/bin/../lib/gcc/avr/4.8.1/../../../../avr/lib/avr51\libm.a(fp_cmp.o)
 .data          0x00000000        0x0 c:/program files (x86)/atmel/atmel toolchain/avr8 gcc/native/3.4.1061/avr8-gnu-toolchain/bin/../lib/gcc/avr/4.8.1/../../../../avr/lib/avr51\libm.a(fp_cmp.o)
 .bss           0x00000000        0x0 c:/program files (x86)/atmel/atmel toolchain/avr8 gcc/native/3.4.1061/avr8-gnu-toolchain/bin/../lib/gcc/avr/4.8.1/../../../../avr/lib/avr51\libm.a(fp_cmp.o)
 .text.avr-libc.fplib
                0x00000000       0x48 c:/program files (x86)/atmel/atmel toolchain/avr8 gcc/native/3.4.1061/avr8-gnu-toolchain/bin/../lib/gcc/avr/4.8.1/../../../../avr/lib/avr51\libm.a(fp_cmp.o)
 .text          0x00000000        0x0 c:/program files (x86)/atmel/atmel toolchain/avr8 gcc/native/3.4.1061/avr8-gnu-toolchain/bin/../lib/gcc/avr/4.8.1/avr51\libgcc.a(_exit.o)
 .data          0x00000000        0x0 c:/program files (x86)/atmel/atmel toolchain/avr8 gcc/native/3.4.1061/avr8-gnu-toolchain/bin/../lib/gcc/avr/4.8.1/avr51\libgcc.a(_exit.o)
 .bss           0x00000000        0x0 c:/program files (x86)/atmel/atmel toolchain/avr8 gcc/native/3.4.1061/avr8-gnu-toolchain/bin/../lib/gcc/avr/4.8.1/avr51\libgcc.a(_exit.o)
 .text.libgcc.mul
                0x00000000        0x0 c:/program files (x86)/atmel/atmel toolchain/avr8 gcc/native/3.4.1061/avr8-gnu-toolchain/bin/../lib/gcc/avr/4.8.1/avr51\libgcc.a(_exit.o)
 .text.libgcc.div
                0x00000000        0x0 c:/program files (x86)/atmel/atmel toolchain/avr8 gcc/native/3.4.1061/avr8-gnu-toolchain/bin/../lib/gcc/avr/4.8.1/avr51\libgcc.a(_exit.o)
 .text.libgcc   0x00000000        0x0 c:/program files (x86)/atmel/atmel toolchain/avr8 gcc/native/3.4.1061/avr8-gnu-toolchain/bin/../lib/gcc/avr/4.8.1/avr51\libgcc.a(_exit.o)
 .text.libgcc.prologue
                0x00000000        0x0 c:/program files (x86)/atmel/atmel toolchain/avr8 gcc/native/3.4.1061/avr8-gnu-toolchain/bin/../lib/gcc/avr/4.8.1/avr51\libgcc.a(_exit.o)
 .text.libgcc.builtins
                0x00000000        0x0 c:/program files (x86)/atmel/atmel toolchain/avr8 gcc/native/3.4.1061/avr8-gnu-toolchain/bin/../lib/gcc/avr/4.8.1/avr51\libgcc.a(_exit.o)
 .text.libgcc.fmul
                0x00000000        0x0 c:/program files (x86)/atmel/atmel toolchain/avr8 gcc/native/3.4.1061/avr8-gnu-toolchain/bin/../lib/gcc/avr/4.8.1/avr51\libgcc.a(_exit.o)
 .text.libgcc.fixed
                0x00000000        0x0 c:/program files (x86)/atmel/atmel toolchain/avr8 gcc/native/3.4.1061/avr8-gnu-toolchain/bin/../lib/gcc/avr/4.8.1/avr51\libgcc.a(_exit.o)
 .text          0x00000000        0x0 c:/program files (x86)/atmel/atmel toolchain/avr8 gcc/native/3.4.1061/avr8-gnu-toolchain/bin/../lib/gcc/avr/4.8.1/avr51\libgcc.a(_copy_data.o)
 .data          0x00000000        0x0 c:/program files (x86)/atmel/atmel toolchain/avr8 gcc/native/3.4.1061/avr8-gnu-toolchain/bin/../lib/gcc/avr/4.8.1/avr51\libgcc.a(_copy_data.o)
 .bss           0x00000000        0x0 c:/program files (x86)/atmel/atmel toolchain/avr8 gcc/native/3.4.1061/avr8-gnu-toolchain/bin/../lib/gcc/avr/4.8.1/avr51\libgcc.a(_copy_data.o)
 .text.libgcc.mul
                0x00000000        0x0 c:/program files (x86)/atmel/atmel toolchain/avr8 gcc/native/3.4.1061/avr8-gnu-toolchain/bin/../lib/gcc/avr/4.8.1/avr51\libgcc.a(_copy_data.o)
 .text.libgcc.div
                0x00000000        0x0 c:/program files (x86)/atmel/atmel toolchain/avr8 gcc/native/3.4.1061/avr8-gnu-toolchain/bin/../lib/gcc/avr/4.8.1/avr51\libgcc.a(_copy_data.o)
 .text.libgcc   0x00000000        0x0 c:/program files (x86)/atmel/atmel toolchain/avr8 gcc/native/3.4.1061/avr8-gnu-toolchain/bin/../lib/gcc/avr/4.8.1/avr51\libgcc.a(_copy_data.o)
 .text.libgcc.prologue
                0x00000000        0x0 c:/program files (x86)/atmel/atmel toolchain/avr8 gcc/native/3.4.1061/avr8-gnu-toolchain/bin/../lib/gcc/avr/4.8.1/avr51\libgcc.a(_copy_data.o)
 .text.libgcc.builtins
                0x00000000        0x0 c:/program files (x86)/atmel/atmel toolchain/avr8 gcc/native/3.4.1061/avr8-gnu-toolchain/bin/../lib/gcc/avr/4.8.1/avr51\libgcc.a(_copy_data.o)
 .text.libgcc.fmul
                0x00000000        0x0 c:/program files (x86)/atmel/atmel toolchain/avr8 gcc/native/3.4.1061/avr8-gnu-toolchain/bin/../lib/gcc/avr/4.8.1/avr51\libgcc.a(_copy_data.o)
 .text.libgcc.fixed
                0x00000000        0x0 c:/program files (x86)/atmel/atmel toolchain/avr8 gcc/native/3.4.1061/avr8-gnu-toolchain/bin/../lib/gcc/avr/4.8.1/avr51\libgcc.a(_copy_data.o)
 .text          0x00000000        0x0 c:/program files (x86)/atmel/atmel toolchain/avr8 gcc/native/3.4.1061/avr8-gnu-toolchain/bin/../lib/gcc/avr/4.8.1/avr51\libgcc.a(_clear_bss.o)
 .data          0x00000000        0x0 c:/program files (x86)/atmel/atmel toolchain/avr8 gcc/native/3.4.1061/avr8-gnu-toolchain/bin/../lib/gcc/avr/4.8.1/avr51\libgcc.a(_clear_bss.o)
 .bss           0x00000000        0x0 c:/program files (x86)/atmel/atmel toolchain/avr8 gcc/native/3.4.1061/avr8-gnu-toolchain/bin/../lib/gcc/avr/4.8.1/avr51\libgcc.a(_clear_bss.o)
 .text.libgcc.mul
                0x00000000        0x0 c:/program files (x86)/atmel/atmel toolchain/avr8 gcc/native/3.4.1061/avr8-gnu-toolchain/bin/../lib/gcc/avr/4.8.1/avr51\libgcc.a(_clear_bss.o)
 .text.libgcc.div
                0x00000000        0x0 c:/program files (x86)/atmel/atmel toolchain/avr8 gcc/native/3.4.1061/avr8-gnu-toolchain/bin/../lib/gcc/avr/4.8.1/avr51\libgcc.a(_clear_bss.o)
 .text.libgcc   0x00000000        0x0 c:/program files (x86)/atmel/atmel toolchain/avr8 gcc/native/3.4.1061/avr8-gnu-toolchain/bin/../lib/gcc/avr/4.8.1/avr51\libgcc.a(_clear_bss.o)
 .text.libgcc.prologue
                0x00000000        0x0 c:/program files (x86)/atmel/atmel toolchain/avr8 gcc/native/3.4.1061/avr8-gnu-toolchain/bin/../lib/gcc/avr/4.8.1/avr51\libgcc.a(_clear_bss.o)
 .text.libgcc.builtins
                0x00000000        0x0 c:/program files (x86)/atmel/atmel toolchain/avr8 gcc/native/3.4.1061/avr8-gnu-toolchain/bin/../lib/gcc/avr/4.8.1/avr51\libgcc.a(_clear_bss.o)
 .text.libgcc.fmul
                0x00000000        0x0 c:/program files (x86)/atmel/atmel toolchain/avr8 gcc/native/3.4.1061/avr8-gnu-toolchain/bin/../lib/gcc/avr/4.8.1/avr51\libgcc.a(_clear_bss.o)
 .text.libgcc.fixed
                0x00000000        0x0 c:/program files (x86)/atmel/atmel toolchain/avr8 gcc/native/3.4.1061/avr8-gnu-toolchain/bin/../lib/gcc/avr/4.8.1/avr51\libgcc.a(_clear_bss.o)
 .text          0x00000000        0x0 c:/program files (x86)/atmel/atmel toolchain/avr8 gcc/native/3.4.1061/avr8-gnu-toolchain/bin/../lib/gcc/avr/4.8.1/../../../../avr/lib/avr51\libc.a(strcpy.o)
 .data          0x00000000        0x0 c:/program files (x86)/atmel/atmel toolchain/avr8 gcc/native/3.4.1061/avr8-gnu-toolchain/bin/../lib/gcc/avr/4.8.1/../../../../avr/lib/avr51\libc.a(strcpy.o)
 .bss           0x00000000        0x0 c:/program files (x86)/atmel/atmel toolchain/avr8 gcc/native/3.4.1061/avr8-gnu-toolchain/bin/../lib/gcc/avr/4.8.1/../../../../avr/lib/avr51\libc.a(strcpy.o)
 .text.avr-libc
                0x00000000        0xe c:/program files (x86)/atmel/atmel toolchain/avr8 gcc/native/3.4.1061/avr8-gnu-toolchain/bin/../lib/gcc/avr/4.8.1/../../../../avr/lib/avr51\libc.a(strcpy.o)
 .text          0x00000000        0x0 c:/program files (x86)/atmel/atmel toolchain/avr8 gcc/native/3.4.1061/avr8-gnu-toolchain/bin/../lib/gcc/avr/4.8.1/../../../../avr/lib/avr51\libc.a(sprintf.o)
 .data          0x00000000        0x0 c:/program files (x86)/atmel/atmel toolchain/avr8 gcc/native/3.4.1061/avr8-gnu-toolchain/bin/../lib/gcc/avr/4.8.1/../../../../avr/lib/avr51\libc.a(sprintf.o)
 .bss           0x00000000        0x0 c:/program files (x86)/atmel/atmel toolchain/avr8 gcc/native/3.4.1061/avr8-gnu-toolchain/bin/../lib/gcc/avr/4.8.1/../../../../avr/lib/avr51\libc.a(sprintf.o)
 .text          0x00000000        0x0 c:/program files (x86)/atmel/atmel toolchain/avr8 gcc/native/3.4.1061/avr8-gnu-toolchain/bin/../lib/gcc/avr/4.8.1/../../../../avr/lib/avr51\libc.a(vfprintf_std.o)
 .data          0x00000000        0x0 c:/program files (x86)/atmel/atmel toolchain/avr8 gcc/native/3.4.1061/avr8-gnu-toolchain/bin/../lib/gcc/avr/4.8.1/../../../../avr/lib/avr51\libc.a(vfprintf_std.o)
 .bss           0x00000000        0x0 c:/program files (x86)/atmel/atmel toolchain/avr8 gcc/native/3.4.1061/avr8-gnu-toolchain/bin/../lib/gcc/avr/4.8.1/../../../../avr/lib/avr51\libc.a(vfprintf_std.o)
 .text          0x00000000        0x0 c:/program files (x86)/atmel/atmel toolchain/avr8 gcc/native/3.4.1061/avr8-gnu-toolchain/bin/../lib/gcc/avr/4.8.1/../../../../avr/lib/avr51\libc.a(strnlen_P.o)
 .data          0x00000000        0x0 c:/program files (x86)/atmel/atmel toolchain/avr8 gcc/native/3.4.1061/avr8-gnu-toolchain/bin/../lib/gcc/avr/4.8.1/../../../../avr/lib/avr51\libc.a(strnlen_P.o)
 .bss           0x00000000        0x0 c:/program files (x86)/atmel/atmel toolchain/avr8 gcc/native/3.4.1061/avr8-gnu-toolchain/bin/../lib/gcc/avr/4.8.1/../../../../avr/lib/avr51\libc.a(strnlen_P.o)
 .text          0x00000000        0x0 c:/program files (x86)/atmel/atmel toolchain/avr8 gcc/native/3.4.1061/avr8-gnu-toolchain/bin/../lib/gcc/avr/4.8.1/../../../../avr/lib/avr51\libc.a(strnlen.o)
 .data          0x00000000        0x0 c:/program files (x86)/atmel/atmel toolchain/avr8 gcc/native/3.4.1061/avr8-gnu-toolchain/bin/../lib/gcc/avr/4.8.1/../../../../avr/lib/avr51\libc.a(strnlen.o)
 .bss           0x00000000        0x0 c:/program files (x86)/atmel/atmel toolchain/avr8 gcc/native/3.4.1061/avr8-gnu-toolchain/bin/../lib/gcc/avr/4.8.1/../../../../avr/lib/avr51\libc.a(strnlen.o)
 .text          0x00000000        0x0 c:/program files (x86)/atmel/atmel toolchain/avr8 gcc/native/3.4.1061/avr8-gnu-toolchain/bin/../lib/gcc/avr/4.8.1/../../../../avr/lib/avr51\libc.a(fputc.o)
 .data          0x00000000        0x0 c:/program files (x86)/atmel/atmel toolchain/avr8 gcc/native/3.4.1061/avr8-gnu-toolchain/bin/../lib/gcc/avr/4.8.1/../../../../avr/lib/avr51\libc.a(fputc.o)
 .bss           0x00000000        0x0 c:/program files (x86)/atmel/atmel toolchain/avr8 gcc/native/3.4.1061/avr8-gnu-toolchain/bin/../lib/gcc/avr/4.8.1/../../../../avr/lib/avr51\libc.a(fputc.o)
 .text          0x00000000        0x0 c:/program files (x86)/atmel/atmel toolchain/avr8 gcc/native/3.4.1061/avr8-gnu-toolchain/bin/../lib/gcc/avr/4.8.1/../../../../avr/lib/avr51\libc.a(ultoa_invert.o)
 .data          0x00000000        0x0 c:/program files (x86)/atmel/atmel toolchain/avr8 gcc/native/3.4.1061/avr8-gnu-toolchain/bin/../lib/gcc/avr/4.8.1/../../../../avr/lib/avr51\libc.a(ultoa_invert.o)
 .bss           0x00000000        0x0 c:/program files (x86)/atmel/atmel toolchain/avr8 gcc/native/3.4.1061/avr8-gnu-toolchain/bin/../lib/gcc/avr/4.8.1/../../../../avr/lib/avr51\libc.a(ultoa_invert.o)

Memory Configuration

Name             Origin             Length             Attributes
text             0x00000000         0x00020000         xr
data             0x00800100         0x0000ff00         rw !x
eeprom           0x00810000         0x00010000         rw !x
fuse             0x00820000         0x00000400         rw !x
lock             0x00830000         0x00000400         rw !x
signature        0x00840000         0x00000400         rw !x
user_signatures  0x00850000         0x00000400         rw !x
*default*        0x00000000         0xffffffff

Linker script and memory map

Address of section .data set to 0x800200
LOAD c:/program files (x86)/atmel/atmel toolchain/avr8 gcc/native/3.4.1061/avr8-gnu-toolchain/bin/../lib/gcc/avr/4.8.1/../../../../avr/lib/avr51/crtm1281.o
LOAD SourceFiles/adc/averaged_adc.o
LOAD SourceFiles/bmp085/bmp085.o
LOAD SourceFiles/bsp.o
LOAD SourceFiles/h25k5a/h25k5a.o
LOAD SourceFiles/Interrupts.o
LOAD SourceFiles/main.o
LOAD SourceFiles/ms5540b/ms5540b.o
LOAD SourceFiles/network_proxy.o
LOAD SourceFiles/ntc/ntc.o
LOAD SourceFiles/sensor_proxy.o
LOAD SourceFiles/sht11/sht11.o
LOAD SourceFiles/timers/timer0.o
LOAD SourceFiles/XBee/digi_api.o
LOAD SourceFiles/XBee/digi_at_request.o
LOAD SourceFiles/XBee/digi_hw.o
LOAD SourceFiles/XBee/digi_join.o
LOAD SourceFiles/XBee/digi_send.o
LOAD SourceFiles/XBee/digi_serial.o
LOAD SourceFiles/XBee/digi_transmit_request.o
LOAD SourceFiles/XBee/payload.o
START GROUP
LOAD c:/program files (x86)/atmel/atmel toolchain/avr8 gcc/native/3.4.1061/avr8-gnu-toolchain/bin/../lib/gcc/avr/4.8.1/../../../../avr/lib/avr51\libm.a
END GROUP
START GROUP
LOAD c:/program files (x86)/atmel/atmel toolchain/avr8 gcc/native/3.4.1061/avr8-gnu-toolchain/bin/../lib/gcc/avr/4.8.1/avr51\libgcc.a
LOAD c:/program files (x86)/atmel/atmel toolchain/avr8 gcc/native/3.4.1061/avr8-gnu-toolchain/bin/../lib/gcc/avr/4.8.1/../../../../avr/lib/avr51\libm.a
LOAD c:/program files (x86)/atmel/atmel toolchain/avr8 gcc/native/3.4.1061/avr8-gnu-toolchain/bin/../lib/gcc/avr/4.8.1/../../../../avr/lib/avr51\libc.a
END GROUP

.hash
 *(.hash)

.dynsym
 *(.dynsym)

.dynstr
 *(.dynstr)

.gnu.version
 *(.gnu.version)

.gnu.version_d
 *(.gnu.version_d)

.gnu.version_r
 *(.gnu.version_r)

.rel.init
 *(.rel.init)

.rela.init
 *(.rela.init)

.rel.text
 *(.rel.text)
 *(.rel.text.*)
 *(.rel.gnu.linkonce.t*)

.rela.text
 *(.rela.text)
 *(.rela.text.*)
 *(.rela.gnu.linkonce.t*)

.rel.fini
 *(.rel.fini)

.rela.fini
 *(.rela.fini)

.rel.rodata
 *(.rel.rodata)
 *(.rel.rodata.*)
 *(.rel.gnu.linkonce.r*)

.rela.rodata
 *(.rela.rodata)
 *(.rela.rodata.*)
 *(.rela.gnu.linkonce.r*)

.rel.data
 *(.rel.data)
 *(.rel.data.*)
 *(.rel.gnu.linkonce.d*)

.rela.data
 *(.rela.data)
 *(.rela.data.*)
 *(.rela.gnu.linkonce.d*)

.rel.ctors
 *(.rel.ctors)

.rela.ctors
 *(.rela.ctors)

.rel.dtors
 *(.rel.dtors)

.rela.dtors
 *(.rela.dtors)

.rel.got
 *(.rel.got)

.rela.got
 *(.rela.got)

.rel.bss
 *(.rel.bss)

.rela.bss
 *(.rela.bss)

.rel.plt
 *(.rel.plt)

.rela.plt
 *(.rela.plt)

.text           0x00000000      0xcfc
 *(.vectors)
 .vectors       0x00000000       0xcc c:/program files (x86)/atmel/atmel toolchain/avr8 gcc/native/3.4.1061/avr8-gnu-toolchain/bin/../lib/gcc/avr/4.8.1/../../../../avr/lib/avr51/crtm1281.o
                0x00000000                __vector_default
                0x00000000                __vectors
 *(.vectors)
 *(.progmem.gcc*)
                0x000000cc                . = ALIGN (0x2)
                0x000000cc                __trampolines_start = .
 *(.trampolines)
 .trampolines   0x000000cc        0x0 linker stubs
 *(.trampolines*)
                0x000000cc                __trampolines_end = .
 *(.progmem*)
                0x000000cc                . = ALIGN (0x2)
 *(.jumptables)
 *(.jumptables*)
 *(.lowtext)
 *(.lowtext*)
                0x000000cc                __ctors_start = .
 *(.ctors)
                0x000000cc                __ctors_end = .
                0x000000cc                __dtors_start = .
 *(.dtors)
                0x000000cc                __dtors_end = .
 SORT(*)(.ctors)
 SORT(*)(.dtors)
 *(.init0)
 .init0         0x000000cc        0x0 c:/program files (x86)/atmel/atmel toolchain/avr8 gcc/native/3.4.1061/avr8-gnu-toolchain/bin/../lib/gcc/avr/4.8.1/../../../../avr/lib/avr51/crtm1281.o
                0x000000cc                __init
 *(.init0)
 *(.init1)
 *(.init1)
 *(.init2)
 .init2         0x000000cc        0xc c:/program files (x86)/atmel/atmel toolchain/avr8 gcc/native/3.4.1061/avr8-gnu-toolchain/bin/../lib/gcc/avr/4.8.1/../../../../avr/lib/avr51/crtm1281.o
 *(.init2)
 *(.init3)
 *(.init3)
 *(.init4)
 .init4         0x000000d8       0x1a c:/program files (x86)/atmel/atmel toolchain/avr8 gcc/native/3.4.1061/avr8-gnu-toolchain/bin/../lib/gcc/avr/4.8.1/avr51\libgcc.a(_copy_data.o)
                0x000000d8                __do_copy_data
 .init4         0x000000f2       0x10 c:/program files (x86)/atmel/atmel toolchain/avr8 gcc/native/3.4.1061/avr8-gnu-toolchain/bin/../lib/gcc/avr/4.8.1/avr51\libgcc.a(_clear_bss.o)
                0x000000f2                __do_clear_bss
 *(.init4)
 *(.init5)
 *(.init5)
 *(.init6)
 *(.init6)
 *(.init7)
 *(.init7)
 *(.init8)
 *(.init8)
 *(.init9)
 .init9         0x00000102        0x4 c:/program files (x86)/atmel/atmel toolchain/avr8 gcc/native/3.4.1061/avr8-gnu-toolchain/bin/../lib/gcc/avr/4.8.1/../../../../avr/lib/avr51/crtm1281.o
 *(.init9)
 *(.text)
 .text          0x00000106        0x2 c:/program files (x86)/atmel/atmel toolchain/avr8 gcc/native/3.4.1061/avr8-gnu-toolchain/bin/../lib/gcc/avr/4.8.1/../../../../avr/lib/avr51/crtm1281.o
                0x00000106                __vector_38
                0x00000106                __vector_22
                0x00000106                __vector_28
                0x00000106                __vector_1
                0x00000106                __vector_32
                0x00000106                __vector_34
                0x00000106                __vector_24
                0x00000106                __vector_12
                0x00000106                __vector_46
                0x00000106                __bad_interrupt
                0x00000106                __vector_6
                0x00000106                __vector_31
                0x00000106                __vector_35
                0x00000106                __vector_39
                0x00000106                __vector_3
                0x00000106                __vector_23
                0x00000106                __vector_30
                0x00000106                __vector_45
                0x00000106                __vector_25
                0x00000106                __vector_11
                0x00000106                __vector_13
                0x00000106                __vector_17
                0x00000106                __vector_19
                0x00000106                __vector_7
                0x00000106                __vector_49
                0x00000106                __vector_41
                0x00000106                __vector_43
                0x00000106                __vector_27
                0x00000106                __vector_5
                0x00000106                __vector_33
                0x00000106                __vector_47
                0x00000106                __vector_37
                0x00000106                __vector_4
                0x00000106                __vector_44
                0x00000106                __vector_2
                0x00000106                __vector_21
                0x00000106                __vector_15
                0x00000106                __vector_36
                0x00000106                __vector_40
                0x00000106                __vector_8
                0x00000106                __vector_26
                0x00000106                __vector_48
                0x00000106                __vector_14
                0x00000106                __vector_10
                0x00000106                __vector_50
                0x00000106                __vector_16
                0x00000106                __vector_18
                0x00000106                __vector_20
                0x00000106                __vector_42
                0x00000108                . = ALIGN (0x2)
 *(.text.*)
 .text.AdcInit  0x00000108       0x4c SourceFiles/adc/averaged_adc.o
                0x00000108                AdcInit
 .text.AdcConvert
                0x00000154       0xd0 SourceFiles/adc/averaged_adc.o
                0x00000154                AdcConvert
 .text.DisableAllAnalogInputBuffer
                0x00000224       0x10 SourceFiles/adc/averaged_adc.o
                0x00000224                DisableAllAnalogInputBuffer
 .text.__vector_29
                0x00000234       0x14 SourceFiles/adc/averaged_adc.o
                0x00000234                __vector_29
 .text.BspInit  0x00000248       0x24 SourceFiles/bsp.o
                0x00000248                BspInit
 .text.H25k5aMeasure
                0x0000026c        0x8 SourceFiles/h25k5a/h25k5a.o
                0x0000026c                H25k5aMeasure
 .text.EnableInterrupts
                0x00000274        0x6 SourceFiles/Interrupts.o
                0x00000274                EnableInterrupts
 .text.ClearInterrupt
                0x0000027a        0x4 SourceFiles/Interrupts.o
                0x0000027a                ClearInterrupt
 .text.EnableExternalInterruptPCINT0
                0x0000027e       0x16 SourceFiles/Interrupts.o
                0x0000027e                EnableExternalInterruptPCINT0
 .text.ClearExternalInterruptFlag
                0x00000294       0x18 SourceFiles/Interrupts.o
                0x00000294                ClearExternalInterruptFlag
 .text.__vector_9
                0x000002ac       0x88 SourceFiles/Interrupts.o
                0x000002ac                __vector_9
 .text.main     0x00000334       0x18 SourceFiles/main.o
                0x00000334                main
 .text.NetworkAwake
                0x0000034c        0xc SourceFiles/network_proxy.o
                0x0000034c                NetworkAwake
 .text.ClearNetworkInterrupt
                0x00000358        0x6 SourceFiles/network_proxy.o
                0x00000358                ClearNetworkInterrupt
 .text.SendMeasures
                0x0000035e       0xb0 SourceFiles/network_proxy.o
                0x0000035e                SendMeasures
 .text.NtcMeasure
                0x0000040e        0x8 SourceFiles/ntc/ntc.o
                0x0000040e                NtcMeasure
 .text.SensorProxyInit
                0x00000416        0x6 SourceFiles/sensor_proxy.o
                0x00000416                SensorProxyInit
 .text.MeasureSensors
                0x0000041c       0x12 SourceFiles/sensor_proxy.o
                0x0000041c                MeasureSensors
 .text.XBeeCreatePacket
                0x0000042e       0x2c SourceFiles/XBee/digi_api.o
                0x0000042e                XBeeCreatePacket
 .text.XBeeCreateCompleteATCommandPacket
                0x0000045a       0x46 SourceFiles/XBee/digi_at_request.o
                0x0000045a                XBeeCreateCompleteATCommandPacket
 .text.XBeeCreateATCommandPacket
                0x000004a0       0x22 SourceFiles/XBee/digi_at_request.o
                0x000004a0                XBeeCreateATCommandPacket
 .text.XBeeInit
                0x000004c2       0x12 SourceFiles/XBee/digi_hw.o
                0x000004c2                XBeeInit
 .text.XBeeReset
                0x000004d4       0x1a SourceFiles/XBee/digi_join.o
                0x000004d4                XBeeReset
 .text.XBeeJoin
                0x000004ee       0xa4 SourceFiles/XBee/digi_join.o
                0x000004ee                XBeeJoin
 .text.XBeeSendPacket
                0x00000592       0x98 SourceFiles/XBee/digi_send.o
                0x00000592                XBeeSendPacket
 .text.XBeeSerialInit
                0x0000062a       0x22 SourceFiles/XBee/digi_serial.o
                0x0000062a                XBeeSerialInit
 .text.XBeeSerialSend
                0x0000064c       0x10 SourceFiles/XBee/digi_serial.o
                0x0000064c                XBeeSerialSend
 .text.XBeeCreateTransmitRequestPacket
                0x0000065c       0x68 SourceFiles/XBee/digi_transmit_request.o
                0x0000065c                XBeeCreateTransmitRequestPacket
 .text.PayloadInit
                0x000006c4       0x18 SourceFiles/XBee/payload.o
                0x000006c4                PayloadInit
 .text.PayloadPutByte
                0x000006dc       0x20 SourceFiles/XBee/payload.o
                0x000006dc                PayloadPutByte
 .text.PayloadPutWord
                0x000006fc       0x2c SourceFiles/XBee/payload.o
                0x000006fc                PayloadPutWord
 .text.PayloadPutString
                0x00000728       0x4c SourceFiles/XBee/payload.o
                0x00000728                PayloadPutString
 .text.avr-libc
                0x00000774       0x5c c:/program files (x86)/atmel/atmel toolchain/avr8 gcc/native/3.4.1061/avr8-gnu-toolchain/bin/../lib/gcc/avr/4.8.1/../../../../avr/lib/avr51\libc.a(sprintf.o)
                0x00000774                sprintf
 .text.avr-libc
                0x000007d0      0x3dc c:/program files (x86)/atmel/atmel toolchain/avr8 gcc/native/3.4.1061/avr8-gnu-toolchain/bin/../lib/gcc/avr/4.8.1/../../../../avr/lib/avr51\libc.a(vfprintf_std.o)
                0x000007d0                vfprintf
 .text.avr-libc
                0x00000bac       0x16 c:/program files (x86)/atmel/atmel toolchain/avr8 gcc/native/3.4.1061/avr8-gnu-toolchain/bin/../lib/gcc/avr/4.8.1/../../../../avr/lib/avr51\libc.a(strnlen_P.o)
                0x00000bac                strnlen_P
 .text.avr-libc
                0x00000bc2       0x16 c:/program files (x86)/atmel/atmel toolchain/avr8 gcc/native/3.4.1061/avr8-gnu-toolchain/bin/../lib/gcc/avr/4.8.1/../../../../avr/lib/avr51\libc.a(strnlen.o)
                0x00000bc2                strnlen
 .text.avr-libc
                0x00000bd8       0x64 c:/program files (x86)/atmel/atmel toolchain/avr8 gcc/native/3.4.1061/avr8-gnu-toolchain/bin/../lib/gcc/avr/4.8.1/../../../../avr/lib/avr51\libc.a(fputc.o)
                0x00000bd8                fputc
 .text.avr-libc
                0x00000c3c       0xbc c:/program files (x86)/atmel/atmel toolchain/avr8 gcc/native/3.4.1061/avr8-gnu-toolchain/bin/../lib/gcc/avr/4.8.1/../../../../avr/lib/avr51\libc.a(ultoa_invert.o)
                0x00000c3c                __ultoa_invert
                0x00000cf8                . = ALIGN (0x2)
 *(.fini9)
 .fini9         0x00000cf8        0x0 c:/program files (x86)/atmel/atmel toolchain/avr8 gcc/native/3.4.1061/avr8-gnu-toolchain/bin/../lib/gcc/avr/4.8.1/avr51\libgcc.a(_exit.o)
                0x00000cf8                _exit
                0x00000cf8                exit
 *(.fini9)
 *(.fini8)
 *(.fini8)
 *(.fini7)
 *(.fini7)
 *(.fini6)
 *(.fini6)
 *(.fini5)
 *(.fini5)
 *(.fini4)
 *(.fini4)
 *(.fini3)
 *(.fini3)
 *(.fini2)
 *(.fini2)
 *(.fini1)
 *(.fini1)
 *(.fini0)
 .fini0         0x00000cf8        0x4 c:/program files (x86)/atmel/atmel toolchain/avr8 gcc/native/3.4.1061/avr8-gnu-toolchain/bin/../lib/gcc/avr/4.8.1/avr51\libgcc.a(_exit.o)
 *(.fini0)
                0x00000cfc                _etext = .

.data           0x00800200       0x14 load address 0x00000cfc
                0x00800200                PROVIDE (__data_start, .)
 *(.data)
 *(.data*)
 .data.command.2411
                0x00800200        0x3 SourceFiles/XBee/digi_join.o
 .data.command.2420
                0x00800203        0x3 SourceFiles/XBee/digi_join.o
 .data.command.2415
                0x00800206        0x3 SourceFiles/XBee/digi_join.o
 *(.rodata)
 *(.rodata*)
 .rodata.SENSORS
                0x00800209        0x2 SourceFiles/network_proxy.o
                0x00800209                SENSORS
 .rodata.COORDINATOR_ADDRESS
                0x0080020b        0x8 SourceFiles/network_proxy.o
                0x0080020b                COORDINATOR_ADDRESS
 *(.gnu.linkonce.d*)
                0x00800214                . = ALIGN (0x2)
 *fill*         0x00800213        0x1 
                0x00800214                _edata = .
                0x00800214                PROVIDE (__data_end, .)

.bss            0x00800214       0x8a
                0x00800214                PROVIDE (__bss_start, .)
 *(.bss)
 *(.bss*)
 .bss.joinPacket
                0x00800214       0x7d SourceFiles/XBee/digi_join.o
 *(COMMON)
 COMMON         0x00800291        0xd SourceFiles/sensor_proxy.o
                0x00800291                shtData
                0x00800297                ntcData
                0x00800299                h25k5aData
                0x0080029b                bmpData
                0x0080029e                PROVIDE (__bss_end, .)
                0x00000cfc                __data_load_start = LOADADDR (.data)
                0x00000d10                __data_load_end = (__data_load_start + SIZEOF (.data))

.noinit         0x0080029e        0x0
                0x0080029e                PROVIDE (__noinit_start, .)
 *(.noinit*)
                0x0080029e                PROVIDE (__noinit_end, .)
                0x0080029e                _end = .
                0x0080029e                PROVIDE (__heap_start, .)

.eeprom         0x00810000        0x0
 *(.eeprom*)
                0x00810000                __eeprom_end = .

.fuse
 *(.fuse)
 *(.lfuse)
 *(.hfuse)
 *(.efuse)

.lock
 *(.lock*)

.signature
 *(.signature*)

.user_signatures
 *(.user_signatures*)

.stab
 *(.stab)

.stabstr
 *(.stabstr)

.stab.excl
 *(.stab.excl)

.stab.exclstr
 *(.stab.exclstr)

.stab.index
 *(.stab.index)

.stab.indexstr
 *(.stab.indexstr)

.comment        0x00000000       0x5c
 *(.comment)
 .comment       0x00000000       0x30 SourceFiles/adc/averaged_adc.o
                                 0x31 (size before relaxing)
 .comment       0x00000000       0x31 SourceFiles/bsp.o
 .comment       0x00000000       0x31 SourceFiles/h25k5a/h25k5a.o
 .comment       0x00000000       0x31 SourceFiles/Interrupts.o
 .comment       0x00000000       0x31 SourceFiles/main.o
 .comment       0x00000000       0x31 SourceFiles/network_proxy.o
 .comment       0x00000000       0x31 SourceFiles/ntc/ntc.o
 .comment       0x00000000       0x31 SourceFiles/sensor_proxy.o
 .comment       0x00000000       0x31 SourceFiles/XBee/digi_api.o
 .comment       0x00000000       0x31 SourceFiles/XBee/digi_at_request.o
 .comment       0x00000000       0x31 SourceFiles/XBee/digi_hw.o
 .comment       0x00000000       0x31 SourceFiles/XBee/digi_join.o
 .comment       0x00000000       0x31 SourceFiles/XBee/digi_send.o
 .comment       0x00000000       0x31 SourceFiles/XBee/digi_serial.o
 .comment       0x00000000       0x31 SourceFiles/XBee/digi_transmit_request.o
 .comment       0x00000000       0x31 SourceFiles/XBee/payload.o
 .comment       0x00000000       0x31 c:/program files (x86)/atmel/atmel toolchain/avr8 gcc/native/3.4.1061/avr8-gnu-toolchain/bin/../lib/gcc/avr/4.8.1/../../../../avr/lib/avr51\libc.a(sprintf.o)
 .comment       0x00000030       0x2c c:/program files (x86)/atmel/atmel toolchain/avr8 gcc/native/3.4.1061/avr8-gnu-toolchain/bin/../lib/gcc/avr/4.8.1/../../../../avr/lib/avr51\libc.a(vfprintf_std.o)
                                 0x2d (size before relaxing)
 .comment       0x00000000       0x31 c:/program files (x86)/atmel/atmel toolchain/avr8 gcc/native/3.4.1061/avr8-gnu-toolchain/bin/../lib/gcc/avr/4.8.1/../../../../avr/lib/avr51\libc.a(fputc.o)

.note.gnu.build-id
 *(.note.gnu.build-id)

.debug
 *(.debug)

.line
 *(.line)

.debug_srcinfo
 *(.debug_srcinfo)

.debug_sfnames
 *(.debug_sfnames)

.debug_aranges  0x00000000      0x308
 *(.debug_aranges)
 .debug_aranges
                0x00000000       0x58 SourceFiles/adc/averaged_adc.o
 .debug_aranges
                0x00000058       0x20 SourceFiles/bsp.o
 .debug_aranges
                0x00000078       0x28 SourceFiles/h25k5a/h25k5a.o
 .debug_aranges
                0x000000a0       0x48 SourceFiles/Interrupts.o
 .debug_aranges
                0x000000e8       0x20 SourceFiles/main.o
 .debug_aranges
                0x00000108       0x30 SourceFiles/network_proxy.o
 .debug_aranges
                0x00000138       0x28 SourceFiles/ntc/ntc.o
 .debug_aranges
                0x00000160       0x28 SourceFiles/sensor_proxy.o
 .debug_aranges
                0x00000188       0x28 SourceFiles/XBee/digi_api.o
 .debug_aranges
                0x000001b0       0x30 SourceFiles/XBee/digi_at_request.o
 .debug_aranges
                0x000001e0       0x20 SourceFiles/XBee/digi_hw.o
 .debug_aranges
                0x00000200       0x28 SourceFiles/XBee/digi_join.o
 .debug_aranges
                0x00000228       0x20 SourceFiles/XBee/digi_send.o
 .debug_aranges
                0x00000248       0x58 SourceFiles/XBee/digi_serial.o
 .debug_aranges
                0x000002a0       0x20 SourceFiles/XBee/digi_transmit_request.o
 .debug_aranges
                0x000002c0       0x48 SourceFiles/XBee/payload.o

.debug_pubnames
 *(.debug_pubnames)

.debug_info     0x00000000     0x49f5
 *(.debug_info .gnu.linkonce.wi.*)
 .debug_info    0x00000000      0x606 SourceFiles/adc/averaged_adc.o
 .debug_info    0x00000606       0xc1 SourceFiles/bsp.o
 .debug_info    0x000006c7      0x106 SourceFiles/h25k5a/h25k5a.o
 .debug_info    0x000007cd      0x20d SourceFiles/Interrupts.o
 .debug_info    0x000009da       0xdf SourceFiles/main.o
 .debug_info    0x00000ab9      0xa3c SourceFiles/network_proxy.o
 .debug_info    0x000014f5      0x106 SourceFiles/ntc/ntc.o
 .debug_info    0x000015fb      0x526 SourceFiles/sensor_proxy.o
 .debug_info    0x00001b21      0x64b SourceFiles/XBee/digi_api.o
 .debug_info    0x0000216c      0x774 SourceFiles/XBee/digi_at_request.o
 .debug_info    0x000028e0      0x2d0 SourceFiles/XBee/digi_hw.o
 .debug_info    0x00002bb0      0xa01 SourceFiles/XBee/digi_join.o
 .debug_info    0x000035b1      0x665 SourceFiles/XBee/digi_send.o
 .debug_info    0x00003c16      0x422 SourceFiles/XBee/digi_serial.o
 .debug_info    0x00004038      0x6b6 SourceFiles/XBee/digi_transmit_request.o
 .debug_info    0x000046ee      0x307 SourceFiles/XBee/payload.o

.debug_abbrev   0x00000000     0x14b7
 *(.debug_abbrev)
 .debug_abbrev  0x00000000      0x1f1 SourceFiles/adc/averaged_adc.o
 .debug_abbrev  0x000001f1       0x6f SourceFiles/bsp.o
 .debug_abbrev  0x00000260       0xb6 SourceFiles/h25k5a/h25k5a.o
 .debug_abbrev  0x00000316      0x14a SourceFiles/Interrupts.o
 .debug_abbrev  0x00000460       0x71 SourceFiles/main.o
 .debug_abbrev  0x000004d1      0x20d SourceFiles/network_proxy.o
 .debug_abbrev  0x000006de       0xb6 SourceFiles/ntc/ntc.o
 .debug_abbrev  0x00000794      0x207 SourceFiles/sensor_proxy.o
 .debug_abbrev  0x0000099b       0xee SourceFiles/XBee/digi_api.o
 .debug_abbrev  0x00000a89      0x11d SourceFiles/XBee/digi_at_request.o
 .debug_abbrev  0x00000ba6      0x1c9 SourceFiles/XBee/digi_hw.o
 .debug_abbrev  0x00000d6f      0x1d1 SourceFiles/XBee/digi_join.o
 .debug_abbrev  0x00000f40      0x114 SourceFiles/XBee/digi_send.o
 .debug_abbrev  0x00001054      0x20e SourceFiles/XBee/digi_serial.o
 .debug_abbrev  0x00001262       0xeb SourceFiles/XBee/digi_transmit_request.o
 .debug_abbrev  0x0000134d      0x16a SourceFiles/XBee/payload.o

.debug_line     0x00000000     0x1af6
 *(.debug_line .debug_line.* .debug_line_end)
 .debug_line    0x00000000      0x34d SourceFiles/adc/averaged_adc.o
 .debug_line    0x0000034d      0x115 SourceFiles/bsp.o
 .debug_line    0x00000462       0xfe SourceFiles/h25k5a/h25k5a.o
 .debug_line    0x00000560      0x22b SourceFiles/Interrupts.o
 .debug_line    0x0000078b      0x132 SourceFiles/main.o
 .debug_line    0x000008bd      0x1e6 SourceFiles/network_proxy.o
 .debug_line    0x00000aa3       0xf8 SourceFiles/ntc/ntc.o
 .debug_line    0x00000b9b      0x229 SourceFiles/sensor_proxy.o
 .debug_line    0x00000dc4      0x137 SourceFiles/XBee/digi_api.o
 .debug_line    0x00000efb      0x1ae SourceFiles/XBee/digi_at_request.o
 .debug_line    0x000010a9      0x199 SourceFiles/XBee/digi_hw.o
 .debug_line    0x00001242      0x1ef SourceFiles/XBee/digi_join.o
 .debug_line    0x00001431      0x13f SourceFiles/XBee/digi_send.o
 .debug_line    0x00001570      0x247 SourceFiles/XBee/digi_serial.o
 .debug_line    0x000017b7      0x146 SourceFiles/XBee/digi_transmit_request.o
 .debug_line    0x000018fd      0x1f9 SourceFiles/XBee/payload.o

.debug_frame    0x00000000      0x5f0
 *(.debug_frame)
 .debug_frame   0x00000000       0xbc SourceFiles/adc/averaged_adc.o
 .debug_frame   0x000000bc       0x24 SourceFiles/bsp.o
 .debug_frame   0x000000e0       0x34 SourceFiles/h25k5a/h25k5a.o
 .debug_frame   0x00000114       0xbc SourceFiles/Interrupts.o
 .debug_frame   0x000001d0       0x24 SourceFiles/main.o
 .debug_frame   0x000001f4       0x6c SourceFiles/network_proxy.o
 .debug_frame   0x00000260       0x34 SourceFiles/ntc/ntc.o
 .debug_frame   0x00000294       0x34 SourceFiles/sensor_proxy.o
 .debug_frame   0x000002c8       0x34 SourceFiles/XBee/digi_api.o
 .debug_frame   0x000002fc       0x70 SourceFiles/XBee/digi_at_request.o
 .debug_frame   0x0000036c       0x24 SourceFiles/XBee/digi_hw.o
 .debug_frame   0x00000390       0x4c SourceFiles/XBee/digi_join.o
 .debug_frame   0x000003dc       0x58 SourceFiles/XBee/digi_send.o
 .debug_frame   0x00000434       0xa8 SourceFiles/XBee/digi_serial.o
 .debug_frame   0x000004dc       0x44 SourceFiles/XBee/digi_transmit_request.o
 .debug_frame   0x00000520       0xd0 SourceFiles/XBee/payload.o

.debug_str      0x00000000     0x12b9
 *(.debug_str)
 .debug_str     0x00000000      0x647 SourceFiles/adc/averaged_adc.o
                                0x67b (size before relaxing)
 .debug_str     0x00000647       0x4a SourceFiles/bsp.o
                                0x1c2 (size before relaxing)
 .debug_str     0x00000691       0x3d SourceFiles/h25k5a/h25k5a.o
                                0x1b7 (size before relaxing)
 .debug_str     0x000006ce       0xfc SourceFiles/Interrupts.o
                                0x294 (size before relaxing)
 .debug_str     0x000007ca       0x34 SourceFiles/main.o
                                0x1b2 (size before relaxing)
 .debug_str     0x000007fe      0x43a SourceFiles/network_proxy.o
                                0x628 (size before relaxing)
 .debug_str     0x00000c38       0x2c SourceFiles/ntc/ntc.o
                                0x1ab (size before relaxing)
 .debug_str     0x00000c64      0x185 SourceFiles/sensor_proxy.o
                                0x40d (size before relaxing)
 .debug_str     0x00000de9       0xab SourceFiles/XBee/digi_api.o
                                0x489 (size before relaxing)
 .debug_str     0x00000e94      0x166 SourceFiles/XBee/digi_at_request.o
                                0x53e (size before relaxing)
 .debug_str     0x00000ffa       0x54 SourceFiles/XBee/digi_hw.o
                                0x312 (size before relaxing)
 .debug_str     0x0000104e       0x7d SourceFiles/XBee/digi_join.o
                                0x500 (size before relaxing)
 .debug_str     0x000010cb       0x2f SourceFiles/XBee/digi_send.o
                                0x411 (size before relaxing)
 .debug_str     0x000010fa      0x117 SourceFiles/XBee/digi_serial.o
                                0x3aa (size before relaxing)
 .debug_str     0x00001211       0x3e SourceFiles/XBee/digi_transmit_request.o
                                0x500 (size before relaxing)
 .debug_str     0x0000124f       0x6a SourceFiles/XBee/payload.o
                                0x232 (size before relaxing)

.debug_loc      0x00000000     0x109b
 *(.debug_loc)
 .debug_loc     0x00000000      0x22d SourceFiles/adc/averaged_adc.o
 .debug_loc     0x0000022d       0x36 SourceFiles/h25k5a/h25k5a.o
 .debug_loc     0x00000263      0x111 SourceFiles/Interrupts.o
 .debug_loc     0x00000374       0x7c SourceFiles/network_proxy.o
 .debug_loc     0x000003f0       0x36 SourceFiles/ntc/ntc.o
 .debug_loc     0x00000426       0x46 SourceFiles/XBee/digi_api.o
 .debug_loc     0x0000046c      0x445 SourceFiles/XBee/digi_at_request.o
 .debug_loc     0x000008b1       0x55 SourceFiles/XBee/digi_join.o
 .debug_loc     0x00000906      0x122 SourceFiles/XBee/digi_send.o
 .debug_loc     0x00000a28       0xe7 SourceFiles/XBee/digi_serial.o
 .debug_loc     0x00000b0f      0x270 SourceFiles/XBee/digi_transmit_request.o
 .debug_loc     0x00000d7f      0x31c SourceFiles/XBee/payload.o

.debug_macinfo
 *(.debug_macinfo)

.debug_weaknames
 *(.debug_weaknames)

.debug_funcnames
 *(.debug_funcnames)

.debug_typenames
 *(.debug_typenames)

.debug_varnames
 *(.debug_varnames)

.debug_pubtypes
 *(.debug_pubtypes)

.debug_ranges   0x00000000      0x238
 *(.debug_ranges)
 .debug_ranges  0x00000000       0x78 SourceFiles/adc/averaged_adc.o
 .debug_ranges  0x00000078       0x10 SourceFiles/bsp.o
 .debug_ranges  0x00000088       0x18 SourceFiles/h25k5a/h25k5a.o
 .debug_ranges  0x000000a0       0x38 SourceFiles/Interrupts.o
 .debug_ranges  0x000000d8       0x10 SourceFiles/main.o
 .debug_ranges  0x000000e8       0x20 SourceFiles/network_proxy.o
 .debug_ranges  0x00000108       0x18 SourceFiles/ntc/ntc.o
 .debug_ranges  0x00000120       0x18 SourceFiles/sensor_proxy.o
 .debug_ranges  0x00000138       0x18 SourceFiles/XBee/digi_api.o
 .debug_ranges  0x00000150       0x20 SourceFiles/XBee/digi_at_request.o
 .debug_ranges  0x00000170       0x10 SourceFiles/XBee/digi_hw.o
 .debug_ranges  0x00000180       0x18 SourceFiles/XBee/digi_join.o
 .debug_ranges  0x00000198       0x10 SourceFiles/XBee/digi_send.o
 .debug_ranges  0x000001a8       0x48 SourceFiles/XBee/digi_serial.o
 .debug_ranges  0x000001f0       0x10 SourceFiles/XBee/digi_transmit_request.o
 .debug_ranges  0x00000200       0x38 SourceFiles/XBee/payload.o

.debug_macro
 *(.debug_macro)
OUTPUT(WiThingy.elf elf32-avr)
LOAD linker stubs
